PASS s11
PASS s12
PASS s13
PASS s17
PASS s19
node : S20_STARTUP ready_ms=410 recovered=3101 page_limit=32
위치 줄:2 문자:70
+ ... -s32-temp'; node -e "const a=require('assert');const {createFixture}= ...
+                 ~~~~~~~~~~~~~~~~~~~~~~~~~~~~~~~~~~~~~~~~~~~~~~~~~~~~~~~~~
    + CategoryInfo          : NotSpecified: (S20_STARTUP rea...1 page_limit=32:String) [], RemoteException
    + FullyQualifiedErrorId : NativeCommandError

PASS s20
[doculight] SQLite search index loaded: 1 documents
[doculight] SQLite search index loaded: 1 documents
[doculight] SQLite search index loaded: 2 documents
[doculight] SQLite search index saved: [REDACTED_PATH] (3 docs, generation generation-e751b27b-93a2-466b-84fe-a0fd992431b7)
S23_EVIDENCE {"ownerThreadId":35,"ownerOpenCount":2,"beforeFault":{"generationId":"generation-442e6218-0537-40e7-be8c-9
e4abb626f6b","checksum":"5ff920656534cdca230374df24dd5d536bd9fb07f53fad88897585c43c04ca7d"},"afterFault":{"generationId
":"generation-442e6218-0537-40e7-be8c-9e4abb626f6b","checksum":"5ff920656534cdca230374df24dd5d536bd9fb07f53fad88897585c
43c04ca7d"},"beforeCancel":{"generationId":"generation-ba796d23-c341-4af3-a694-134e1e253565","checksum":"59d0841d859c00
7fe2485f6b7759a792adadf32ce3e075a90b74c210809ab259"},"afterCancel":{"generationId":"generation-ba796d23-c341-4af3-a694-
134e1e253565","checksum":"59d0841d859c007fe2485f6b7759a792adadf32ce3e075a90b74c210809ab259"},"sparse160MiB":{"bytes":16
7772165,"completed":true}}
PASS s23
S25_PRE_ACK_REACHED
S25_PRE_COMMIT_FAILURE_REACHED
S25_LATEST_WINS_REACHED
S25_D1_FAILURE_RETRY_REACHED
S25_LATEST_SEARCH_REACHED
S25_D1_IMPORT_REACHED
S25_CONTENT_ONLY_REACHED
S25_ALIAS_RESTART_REACHED
S25_OWNER_STATUS_CANCEL_REACHED
S25_ALL_ASSERTIONS_REACHED
S25_EVIDENCE {"seed":"s25-2026-09-25-v1","fixture":"doculight-r3-hZrzRB","layout":["source","store","private","ledger.s
qlite","keyword.sqlite"],"node":"v24.16.0","abi":"137","sourceSha256":{"first":"9ca278d7327b05f4b6c2c184b359dc8763645f5
5628e37f46872694df4995b98","latest":"476c9a22914441990b27fe6888d40d009bf62cb49abcf985b1b662457913f389","imported":"6213
1a3324069d21f7edd1397632cdac0a1b004651f11a573f607563281d1932","generated":"81e79779d697fcf818cb564b445e2b87dee26e542b1a
6336fc977e52c58c9e57","origin":"42c5d06e3b2974deb9a4f68ff1d66910005da76a19c014f60a7b77182f5d2dd0"},"sourceBytes":{"firs
t":21,"latest":20,"imported":40,"generated":15,"origin":9},"documentId":{"latest":"doc_3c4063d38f32f0af49c444e8","impor
ted":"doc_c7dc7345583580d2a647208a","generated":"doc_c82277c9a24e078e186c20b2","origin":"doc_385f30f2f433c9e57e9503e4"}
,"aliasCount":{"generated":0,"origin":2},"desiredRevision":{"latest":2},"jobState":{"old":"cancelled","failed":"failed"
,"retry":"queued","retried":"completed","importCancelled":"cancelled","ownerState":"indexing","ownerCancelled":true},"m
arkers":["S25_PRE_ACK_REACHED","S25_PRE_COMMIT_FAILURE_REACHED","S25_LATEST_WINS_REACHED","S25_D1_FAILURE_RETRY_REACHED
","S25_LATEST_SEARCH_REACHED","S25_D1_IMPORT_REACHED","S25_CONTENT_ONLY_REACHED","S25_ALIAS_RESTART_REACHED","S25_OWNER
_STATUS_CANCEL_REACHED","S25_ALL_ASSERTIONS_REACHED"],"searchHits":{"latest":1,"old":0},"canonicalPathHash":"883f0165b9
2cc8689fc95ade83cc0854bf2fd8ce6a3256a1ae2a8d6ddac1a3be","ownerStatusCancelMs":3}
PASS s25
